[html.themexriver.com/forgex/index.html]
[backblue.gif]
[fade.gif]
[index.html]
[html.themexriver.com/forgex/assets/img/favicon.png]
[html.themexriver.com/forgex/assets/css/bootstrap.min.css]
[html.themexriver.com/forgex/assets/css/nice-select.css]
[html.themexriver.com/forgex/assets/css/swiper.min.css]
[html.themexriver.com/forgex/assets/css/all.min.css]
[html.themexriver.com/forgex/assets/css/animate.css]
[html.themexriver.com/forgex/assets/css/magnific-popup.css]
[html.themexriver.com/forgex/assets/img/preloader.gif]
[html.themexriver.com/forgex/assets/css/main.css]
[html.themexriver.com/forgex/assets/img/logo/logo-1.svg]
[html.themexriver.com/forgex/!]
[html.themexriver.com/forgex/index-2.html]
[html.themexriver.com/forgex/index-3.html]
[html.themexriver.com/forgex/index-4.html]
[html.themexriver.com/forgex/index-5.html]
[html.themexriver.com/forgex/index-6.html]
[html.themexriver.com/forgex/about.html]
[html.themexriver.com/forgex/services.html]
[html.themexriver.com/forgex/services-details.html]
[html.themexriver.com/forgex/team.html]
[html.themexriver.com/forgex/team-details.html]
[html.themexriver.com/forgex/career.html]
[html.themexriver.com/forgex/career-single.html]
[html.themexriver.com/forgex/job-apply.html]
[html.themexriver.com/forgex/clients.html]
[html.themexriver.com/forgex/faqs.html]
[html.themexriver.com/forgex/pricing.html]
[html.themexriver.com/forgex/process.html]
[html.themexriver.com/forgex/testimonial.html]
[html.themexriver.com/forgex/error.html]
[html.themexriver.com/forgex/projects-1.html]
[html.themexriver.com/forgex/projects-2.html]
[html.themexriver.com/forgex/projects-3.html]
[html.themexriver.com/forgex/projects-4.html]
[html.themexriver.com/forgex/projects-details.html]
[html.themexriver.com/forgex/blog.html]
[html.themexriver.com/forgex/blog-2.html]
[html.themexriver.com/forgex/blog-3.html]
[html.themexriver.com/forgex/blog-4.html]
[html.themexriver.com/forgex/blog-details.html]
[html.themexriver.com/forgex/contact.html]
[html.themexriver.com/forgex/assets/img/hero/h1-img-1.png]
[html.themexriver.com/forgex/assets/img/hero/h1-video-1.mp4]
[html.themexriver.com/forgex/assets/img/hero/h1-img-2.png]
[html.themexriver.com/forgex/assets/img/hero/h1-img-3.png]
[html.themexriver.com/forgex/assets/img/serve/s1-bg-1.png]
[html.themexriver.com/forgex/assets/img/serve/s1-img-1.png]
[html.themexriver.com/forgex/assets/img/serve/s1-img-2.png]
[html.themexriver.com/forgex/assets/img/serve/s1-img-3.png]
[html.themexriver.com/forgex/assets/img/serve/s1-img-4.png]
[html.themexriver.com/forgex/assets/img/serve/s1-img-5.png]
[html.themexriver.com/forgex/assets/img/about/a1-bg-img-1.png]
[html.themexriver.com/forgex/assets/img/about/a1-img-1.png]
[html.themexriver.com/forgex/assets/img/about/a1-img-2.png]
[html.themexriver.com/forgex/assets/img/services/s1-img-1.png]
[html.themexriver.com/forgex/assets/img/services/s1-img-2.png]
[html.themexriver.com/forgex/assets/img/services/s1-img-3.png]
[html.themexriver.com/forgex/assets/img/testimonial/t1-img-1.png]
[html.themexriver.com/forgex/assets/img/testimonial/t1-img-2.png]
[html.themexriver.com/forgex/assets/img/testimonial/t1-img-3.png]
[html.themexriver.com/forgex/assets/img/blog/b1-img-1.png]
[html.themexriver.com/forgex/assets/img/blog/b1-img-2.png]
[html.themexriver.com/forgex/assets/img/blog/b1-img-3.png]
[html.themexriver.com/forgex/assets/img/blog/b1-bg-shape-1.png]
[html.themexriver.com/forgex/assets/img/contact/c1-img-1.png]
[html.themexriver.com/forgex/assets/img/cta/cta-img-1.png]
[html.themexriver.com/forgex/contact-us.html]
[html.themexriver.com/forgex/assets/js/jquery-3.7.1.min.js]
[html.themexriver.com/forgex/assets/js/bootstrap.bundle.min.js]
[html.themexriver.com/forgex/assets/js/swiper-bundle.min.js]
[html.themexriver.com/forgex/assets/js/wow.js]
[html.themexriver.com/forgex/assets/js/nice-select.min.js]
[html.themexriver.com/forgex/assets/js/marquee.min.js]
[html.themexriver.com/forgex/assets/js/magnific-popup.min.js]
[html.themexriver.com/forgex/assets/js/SplitText.min.js]
[html.themexriver.com/forgex/assets/js/gsap.min.js]
[html.themexriver.com/forgex/assets/js/CustomEase.min.js]
[html.themexriver.com/forgex/assets/js/counterup.min.js]
[html.themexriver.com/forgex/assets/js/waypoints.min.js]
[html.themexriver.com/forgex/assets/js/lenis.min.js]
[html.themexriver.com/forgex/assets/js/ScrollTrigger.min.js]
[html.themexriver.com/forgex/index.html]
[html.themexriver.com/forgex/assets/css/bootstrap.min.css]
[html.themexriver.com/forgex/assets/js/main.js]
[html.themexriver.com/forgex/assets/webfonts/fa-brands-400.woff2]
[html.themexriver.com/forgex/assets/webfonts/fa-brands-400.ttf]
[html.themexriver.com/forgex/assets/webfonts/fa-duotone-900.woff2]
[html.themexriver.com/forgex/assets/webfonts/fa-duotone-900.ttf]
[html.themexriver.com/forgex/assets/webfonts/fa-light-300.woff2]
[html.themexriver.com/forgex/assets/webfonts/fa-light-300.ttf]
[html.themexriver.com/forgex/assets/webfonts/fa-regular-400.woff2]
[html.themexriver.com/forgex/assets/webfonts/fa-regular-400.ttf]
[html.themexriver.com/forgex/assets/webfonts/fa-solid-900.woff2]
[html.themexriver.com/forgex/assets/webfonts/fa-solid-900.ttf]
[html.themexriver.com/forgex/assets/webfonts/fa-thin-100.woff2]
[html.themexriver.com/forgex/assets/webfonts/fa-thin-100.ttf]
[html.themexriver.com/forgex/assets/webfonts/fa-v4compatibility.woff2]
[html.themexriver.com/forgex/assets/webfonts/fa-v4compatibility.ttf]
[html.themexriver.com/forgex/assets/css/all.min.css]
[html.themexriver.com/forgex/assets/css/nice-select.css]
[html.themexriver.com/forgex/assets/css/swiper.min.css]
[html.themexriver.com/forgex/assets/css/animate.css]
[html.themexriver.com/forgex/assets/css/magnific-popup.css]
[html.themexriver.com/forgex/assets/img/bg/header-3-bg.png]
[html.themexriver.com/forgex/assets/img/bg/header-5-bg.svg]
[html.themexriver.com/forgex/assets/img/bg/header-4-bg.svg]
[html.themexriver.com/forgex/assets/img/bg/header-5-bg.png]
[html.themexriver.com/forgex/assets/img/about/a2-mask-1.png]
[html.themexriver.com/forgex/assets/img/about/a4-mask-1.png]
[html.themexriver.com/forgex/assets/img/bg/pin.svg]
[html.themexriver.com/forgex/assets/img/testimonial/t3-mask-1.png]
[html.themexriver.com/forgex/assets/img/bg/qoute.png]
[html.themexriver.com/forgex/assets/img/bg/blog-check.svg]
[html.themexriver.com/forgex/assets/img/career/noice.png]
[html.themexriver.com/forgex/assets/img/bg/check.svg]
[html.themexriver.com/forgex/assets/css/main.css]
[html.themexriver.com/forgex/assets/img/logo/logo-1.svg]
[html.themexriver.com/forgex/!.html]
[html.themexriver.com/forgex/assets/img/logo/logo-4.svg]
[html.themexriver.com/forgex/assets/img/hero/h2-bg-1.png]
[html.themexriver.com/forgex/assets/img/hero/h2-img-1.png]
[html.themexriver.com/forgex/assets/img/hero/h2-img-2.png]
[html.themexriver.com/forgex/assets/img/about/a2-bg-shape-2.png]
[html.themexriver.com/forgex/assets/img/about/a2-bg-1.png]
[html.themexriver.com/forgex/assets/img/about/a2-img-1.png]
[html.themexriver.com/forgex/assets/img/about/a2-img-2.png]
[html.themexriver.com/forgex/assets/img/services/s2-bg-1.png]
[html.themexriver.com/forgex/assets/img/services/s2-card-illus.png]
[html.themexriver.com/forgex/assets/img/services/s2-card-bg.png]
[html.themexriver.com/forgex/assets/img/services/s2-illus-1.svg]
[html.themexriver.com/forgex/assets/img/services/s2-illus-2.svg]
[html.themexriver.com/forgex/assets/img/services/s2-illus-3.svg]
[html.themexriver.com/forgex/assets/img/services/s2-illus-4.svg]
[html.themexriver.com/forgex/assets/img/services/s2-img-1.png]
[html.themexriver.com/forgex/assets/img/services/core-1-img-1.png]
[html.themexriver.com/forgex/assets/img/services/core-1-img-2.png]
[html.themexriver.com/forgex/assets/img/services/core-1-img-3.png]
[html.themexriver.com/forgex/assets/img/services/core1-bg.png]
[html.themexriver.com/forgex/assets/img/team/t1-bg.png]
[html.themexriver.com/forgex/assets/img/team/t1-img-1.png]
[html.themexriver.com/forgex/assets/img/team/t1-team-bg.png]
[html.themexriver.com/forgex/assets/img/team/t1-img-2.png]
[html.themexriver.com/forgex/assets/img/team/t1-img-3.png]
[html.themexriver.com/forgex/assets/img/team/t1-img-4.png]
[html.themexriver.com/forgex/assets/img/project/p1-big-img-1.png]
[html.themexriver.com/forgex/assets/img/project/p1-big-img-2.png]
[html.themexriver.com/forgex/assets/img/client/client-1.svg]
[html.themexriver.com/forgex/assets/img/client/client-2.svg]
[html.themexriver.com/forgex/assets/img/client/client-3.svg]
[html.themexriver.com/forgex/assets/img/client/client-4.svg]
[html.themexriver.com/forgex/assets/img/client/client-5.svg]
[html.themexriver.com/forgex/assets/img/client/client-6.svg]
[html.themexriver.com/forgex/assets/img/project/p2-bg-1.png]
[html.themexriver.com/forgex/assets/img/testimonial/t2-bg-1.png]
[html.themexriver.com/forgex/assets/img/testimonial/t2-card-bg-1.png]
[html.themexriver.com/forgex/assets/img/blog/b2-bg-shape-1.png]
[html.themexriver.com/forgex/assets/img/blog/b2-img-1.png]
[html.themexriver.com/forgex/assets/img/blog/b2-img-2.png]
[html.themexriver.com/forgex/assets/img/blog/b2-img-3.png]
[html.themexriver.com/forgex/assets/img/blog/b2-img-4.png]
[html.themexriver.com/forgex/assets/img/contact/c2-img-1.png]
[html.themexriver.com/forgex/assets/img/contact/c2-box-bg-1.png]
[html.themexriver.com/forgex/assets/img/contact/c2-box-bg-2.png]
[html.themexriver.com/forgex/assets/img/cta/cta-2-bg-1.png]
[html.themexriver.com/forgex/assets/img/footer/f2-bg-1.png]
[html.themexriver.com/forgex/projects.html]
[html.themexriver.com/forgex/index-2.html]
[html.themexriver.com/forgex/assets/img/logo/logo-5.svg]
[html.themexriver.com/forgex/assets/img/hero/h3-bg-1.svg]
[html.themexriver.com/forgex/assets/img/hero/h3-bg-shape-2.svg]
[html.themexriver.com/forgex/assets/img/hero/h3-img-1.png]
[html.themexriver.com/forgex/assets/img/hero/h3-img-2.png]
[html.themexriver.com/forgex/assets/img/hero/h3-bg-shape-1.svg]
[html.themexriver.com/forgex/assets/img/hero/h3-notice-bg-1.png]
[html.themexriver.com/forgex/assets/img/counter/c3-box-1.png]
[html.themexriver.com/forgex/assets/img/counter/c3-box-2.png]
[html.themexriver.com/forgex/assets/img/counter/c3-box-3.png]
[html.themexriver.com/forgex/assets/img/counter/c3-box-4.png]
[html.themexriver.com/forgex/assets/img/counter/c3-box-img.png]
[html.themexriver.com/forgex/assets/img/about/a3-bg-shape-1.png]
[html.themexriver.com/forgex/assets/img/bg/sticker.svg]
[html.themexriver.com/forgex/assets/img/video/v3-img-1.png]
[html.themexriver.com/forgex/assets/img/services/s3-img-1.png]
[html.themexriver.com/forgex/assets/img/services/s3-img-2.png]
[html.themexriver.com/forgex/assets/img/services/s3-img-3.png]
[html.themexriver.com/forgex/assets/img/services/s3-img-4.png]
[html.themexriver.com/forgex/assets/img/services/s3-img-5.png]
[html.themexriver.com/forgex/assets/img/services/s3-img-6.png]
[html.themexriver.com/forgex/assets/img/services/s3-scn-bg.png]
[html.themexriver.com/forgex/assets/img/process/p1-bg-img-1.png]
[html.themexriver.com/forgex/assets/img/process/p1-icon-1.svg]
[html.themexriver.com/forgex/assets/img/process/p2-icon-2.svg]
[html.themexriver.com/forgex/assets/img/process/p2-icon-3.svg]
[html.themexriver.com/forgex/assets/img/process/p1-img-1.png]
[html.themexriver.com/forgex/assets/img/process/p1-img-2.png]
[html.themexriver.com/forgex/assets/img/process/p1-img-3.png]
[html.themexriver.com/forgex/assets/img/team/t3-bg.png]
[html.themexriver.com/forgex/assets/img/team/t3-img-1.png]
[html.themexriver.com/forgex/assets/img/team/t3-team-bg.svg]
[html.themexriver.com/forgex/assets/img/team/t3-img-2.png]
[html.themexriver.com/forgex/assets/img/team/t3-img-3.png]
[html.themexriver.com/forgex/assets/img/team/t3-img-4.png]
[html.themexriver.com/forgex/assets/img/project/p3-big-img-1.png]
[html.themexriver.com/forgex/assets/img/testimonial/t3-scn-bg.png]
[html.themexriver.com/forgex/assets/img/testimonial/t3-img-1.png]
[html.themexriver.com/forgex/assets/img/blog/b3-scn-bg.png]
[html.themexriver.com/forgex/assets/img/blog/b3-img-1.png]
[html.themexriver.com/forgex/assets/img/blog/b3-img-2.png]
[html.themexriver.com/forgex/assets/img/blog/b3-img-3.png]
[html.themexriver.com/forgex/assets/img/blog/b3-img-4.png]
[html.themexriver.com/forgex/assets/img/contact/c3-img-1.png]
[html.themexriver.com/forgex/assets/img/contact/c3-box-bg-1.png]
[html.themexriver.com/forgex/assets/img/contact/c3-box-bg-2.png]
[html.themexriver.com/forgex/assets/img/cta/cta-3-bg-1.png]
[html.themexriver.com/forgex/assets/img/footer/f3-bg-1.png]
[html.themexriver.com/forgex/assets/img/footer/f3-shape-1.svg]
[html.themexriver.com/forgex/index-3.html]
[html.themexriver.com/forgex/assets/img/logo/logo-6.svg]
[html.themexriver.com/forgex/assets/img/logo/logo-7.svg]
[html.themexriver.com/forgex/assets/img/hero/h4-img-2.png]
[html.themexriver.com/forgex/assets/img/hero/h4-img-1.png]
[html.themexriver.com/forgex/assets/img/solution/s4-illus-1.svg]
[html.themexriver.com/forgex/assets/img/solution/s4-illus-2.svg]
[html.themexriver.com/forgex/assets/img/solution/s4-icon-1.svg]
[html.themexriver.com/forgex/assets/img/solution/s4-icon-2.svg]
[html.themexriver.com/forgex/assets/img/solution/s4-icon-3.svg]
[html.themexriver.com/forgex/assets/img/about/a4-illus-1.svg]
[html.themexriver.com/forgex/assets/img/about/a4-img-1.png]
[html.themexriver.com/forgex/assets/img/services/s4-scn-bg.png]
[html.themexriver.com/forgex/assets/img/services/s4-img-1.png]
[html.themexriver.com/forgex/assets/img/services/s4-img-2.png]
[html.themexriver.com/forgex/assets/img/services/s4-img-3.png]
[html.themexriver.com/forgex/assets/img/services/s4-img-4.png]
[html.themexriver.com/forgex/assets/img/services/s4-img-5.png]
[html.themexriver.com/forgex/assets/img/services/s4-img-6.png]
[html.themexriver.com/forgex/assets/img/team/t4-scn-shape.png]
[html.themexriver.com/forgex/assets/img/team/t4-img-1.png]
[html.themexriver.com/forgex/assets/img/team/t4-team-bg.png]
[html.themexriver.com/forgex/assets/img/team/t4-img-2.png]
[html.themexriver.com/forgex/assets/img/team/t4-img-3.png]
[html.themexriver.com/forgex/assets/img/team/t4-img-4.png]
[html.themexriver.com/forgex/assets/img/testimonial/t4-scn-bg.png]
[html.themexriver.com/forgex/assets/img/testimonial/t4-card-bg.png]
[html.themexriver.com/forgex/assets/img/blog/b4-scn-bg.png]
[html.themexriver.com/forgex/assets/img/blog/b4-img-1.png]
[html.themexriver.com/forgex/assets/img/blog/b4-img-2.png]
[html.themexriver.com/forgex/assets/img/blog/b4-img-3.png]
[html.themexriver.com/forgex/assets/img/contact/c4-img-1.png]
[html.themexriver.com/forgex/assets/img/contact/c4-box-bg-1.png]
[html.themexriver.com/forgex/assets/img/contact/c4-box-bg-2.png]
[html.themexriver.com/forgex/assets/img/cta/cta-img-4.png]
[html.themexriver.com/forgex/assets/img/footer/f4-bg-1.png]
[html.themexriver.com/forgex/index-4.html]
[html.themexriver.com/forgex/assets/img/logo/logo-8.svg]
[html.themexriver.com/forgex/assets/img/bg/manufacturing.mp4]
[html.themexriver.com/forgex/assets/img/services/s5-img-1.png]
[html.themexriver.com/forgex/assets/img/services/s5-img-2.png]
[html.themexriver.com/forgex/assets/img/services/s5-img-3.png]
[html.themexriver.com/forgex/assets/img/services/s5-img-4.png]
[html.themexriver.com/forgex/assets/img/services/s5-img-5.png]
[html.themexriver.com/forgex/assets/img/services/s5-img-6.png]
[html.themexriver.com/forgex/assets/img/about/a5-content-bg.png]
[html.themexriver.com/forgex/assets/img/about/a5-img-1.png]
[html.themexriver.com/forgex/assets/img/about/a5-bg-img-1.png]
[html.themexriver.com/forgex/assets/img/testimonial/t5-scn-bg.png]
[html.themexriver.com/forgex/assets/img/testimonial/t5-card-bg.png]
[html.themexriver.com/forgex/assets/img/blog/b5-img-1.png]
[html.themexriver.com/forgex/assets/img/blog/b5-img-2.png]
[html.themexriver.com/forgex/assets/img/blog/b5-img-3.png]
[html.themexriver.com/forgex/assets/img/contact/c5-img-1.png]
[html.themexriver.com/forgex/assets/img/contact/c5-box-bg-1.png]
[html.themexriver.com/forgex/assets/img/contact/c5-box-bg-2.png]
[html.themexriver.com/forgex/assets/img/cta/cta-img-5.png]
[html.themexriver.com/forgex/assets/img/footer/f5-bg-1.png]
[html.themexriver.com/forgex/assets/img/footer/f5-shape-1.png]
[html.themexriver.com/forgex/assets/img/logo/logo-9.svg]
[html.themexriver.com/forgex/index-5.html]
[html.themexriver.com/forgex/assets/img/logo/logo-10.svg]
[html.themexriver.com/forgex/assets/img/hero/h6-card-img-1.png]
[html.themexriver.com/forgex/assets/img/hero/h6-blog-img-1.png]
[html.themexriver.com/forgex/assets/img/hero/h6-blog-img-2.png]
[html.themexriver.com/forgex/assets/img/hero/h6-blog-img-3.png]
[html.themexriver.com/forgex/assets/img/hero/h6-img-4.png]
[html.themexriver.com/forgex/assets/img/services/s6-img-1.png]
[html.themexriver.com/forgex/assets/img/services/s6-img-2.png]
[html.themexriver.com/forgex/assets/img/services/s6-img-3.png]
[html.themexriver.com/forgex/assets/img/services/s6-img-4.png]
[html.themexriver.com/forgex/assets/img/services/s6-img-5.png]
[html.themexriver.com/forgex/assets/img/services/s6-img-6.png]
[html.themexriver.com/forgex/assets/img/services/s6-img-7.png]
[html.themexriver.com/forgex/assets/img/services/s6-img-8.png]
[html.themexriver.com/forgex/assets/img/services/s6-img-9.png]
[html.themexriver.com/forgex/assets/img/about/a6-img-1.png]
[html.themexriver.com/forgex/assets/img/about/a6-img-2.png]
[html.themexriver.com/forgex/assets/img/about/a6-img-3.png]
[html.themexriver.com/forgex/assets/img/project/p6-img-1.png]
[html.themexriver.com/forgex/assets/img/project/p6-img-2.png]
[html.themexriver.com/forgex/assets/img/project/p6-img-3.png]
[html.themexriver.com/forgex/assets/img/project/p6-img-4.png]
[html.themexriver.com/forgex/assets/img/project/p6-img-5.png]
[html.themexriver.com/forgex/assets/img/project/p6-img-6.png]
[html.themexriver.com/forgex/assets/img/client/c6-logo-1.svg]
[html.themexriver.com/forgex/assets/img/client/c6-logo-2.svg]
[html.themexriver.com/forgex/assets/img/client/c6-logo-3.svg]
[html.themexriver.com/forgex/assets/img/client/c6-logo-4.svg]
[html.themexriver.com/forgex/assets/img/client/c6-logo-5.svg]
[html.themexriver.com/forgex/assets/img/client/c6-logo-6.svg]
[html.themexriver.com/forgex/assets/img/client/c6-logo-7.svg]
[html.themexriver.com/forgex/assets/img/client/c6-logo-8.svg]
[html.themexriver.com/forgex/assets/img/client/c6-logo-9.svg]
[html.themexriver.com/forgex/assets/img/client/c6-logo-10.svg]
[html.themexriver.com/forgex/assets/img/client/c6-logo-11.svg]
[html.themexriver.com/forgex/assets/img/client/c6-logo-12.svg]
[html.themexriver.com/forgex/index-6.html]
[html.themexriver.com/forgex/assets/img/logo/logo-11.svg]
[html.themexriver.com/forgex/assets/img/breadcrumb/b1-bg-1.png]
[html.themexriver.com/forgex/assets/img/breadcrumb/b1-img-1.png]
[html.themexriver.com/forgex/assets/img/story/s1-img-1.png]
[html.themexriver.com/forgex/assets/img/story/s1-img-2.png]
[html.themexriver.com/forgex/assets/img/story/s1-img-3.png]
[html.themexriver.com/forgex/assets/img/award/a1-bg-img.png]
[html.themexriver.com/forgex/about-2.html]
[html.themexriver.com/forgex/about-3.html]
[html.themexriver.com/forgex/about.html]
[html.themexriver.com/forgex/assets/img/serve/s1-img-6.png]
[html.themexriver.com/forgex/assets/img/process/p2-img-1.png]
[html.themexriver.com/forgex/assets/img/process/p2-img-2.png]
[html.themexriver.com/forgex/assets/img/skill/s1-img-1.png]
[html.themexriver.com/forgex/services.html]
[html.themexriver.com/forgex/assets/img/breadcrumb/b1-bg-2.png]
[html.themexriver.com/forgex/assets/img/services/sd-img-1.png]
[html.themexriver.com/forgex/assets/img/services/sd-img-2.png]
[html.themexriver.com/forgex/assets/img/services/sd-img-3.png]
[html.themexriver.com/forgex/assets/img/services/sd-glry-1.png]
[html.themexriver.com/forgex/assets/img/services/sd-glry-2.png]
[html.themexriver.com/forgex/assets/img/services/sd-glry-3.png]
[html.themexriver.com/forgex/assets/img/services/sd-glry-4.png]
[html.themexriver.com/forgex/services-details.html]
[html.themexriver.com/forgex/team.html]
[html.themexriver.com/forgex/assets/img/team/td-img-bg.png]
[html.themexriver.com/forgex/assets/img/team/td-img-1.png]
[html.themexriver.com/forgex/assets/img/team/td-img-2.png]
[html.themexriver.com/forgex/team-details.html]
[html.themexriver.com/forgex/assets/img/career/c1-img-1.png]
[html.themexriver.com/forgex/assets/img/career/c1-img-3.png]
[html.themexriver.com/forgex/assets/img/career/c1-img-2.png]
[html.themexriver.com/forgex/assets/img/career/c1-img-4.png]
[html.themexriver.com/forgex/career.html]
[html.themexriver.com/forgex/assets/img/breadcrumb/b1-bg-3.png]
[html.themexriver.com/forgex/career-single.html]
[html.themexriver.com/forgex/job-apply.html]
[html.themexriver.com/forgex/assets/img/client/c7-logo-1.png]
[html.themexriver.com/forgex/assets/img/client/c7-logo-1-color.png]
[html.themexriver.com/forgex/assets/img/client/c7-logo-2.png]
[html.themexriver.com/forgex/assets/img/client/c7-logo-2-color.png]
[html.themexriver.com/forgex/assets/img/client/c7-logo-3.png]
[html.themexriver.com/forgex/assets/img/client/c7-logo-3-color.png]
[html.themexriver.com/forgex/assets/img/client/c7-logo-4.png]
[html.themexriver.com/forgex/assets/img/client/c7-logo-4-color.png]
[html.themexriver.com/forgex/assets/img/client/c7-logo-5.png]
[html.themexriver.com/forgex/assets/img/client/c7-logo-5-color.png]
[html.themexriver.com/forgex/assets/img/client/c7-logo-6.png]
[html.themexriver.com/forgex/assets/img/client/c7-logo-6-color.png]
[html.themexriver.com/forgex/assets/img/client/c7-logo-7.png]
[html.themexriver.com/forgex/assets/img/client/c7-logo-7-color.png]
[html.themexriver.com/forgex/assets/img/client/c7-logo-8.png]
[html.themexriver.com/forgex/assets/img/client/c7-logo-8-color.png]
[html.themexriver.com/forgex/assets/img/client/c7-logo-9.png]
[html.themexriver.com/forgex/assets/img/client/c7-logo-9-color.png]
[html.themexriver.com/forgex/assets/img/client/c7-logo-10.png]
[html.themexriver.com/forgex/assets/img/client/c7-logo-10-color.png]
[html.themexriver.com/forgex/assets/img/client/c7-logo-11.png]
[html.themexriver.com/forgex/assets/img/client/c7-logo-11-color.png]
[html.themexriver.com/forgex/assets/img/client/c7-logo-12.png]
[html.themexriver.com/forgex/assets/img/client/c7-logo-12-color.png]
[html.themexriver.com/forgex/assets/img/client/c7-logo-13.png]
[html.themexriver.com/forgex/assets/img/client/c7-logo-13-color.png]
[html.themexriver.com/forgex/assets/img/client/c7-logo-14.png]
[html.themexriver.com/forgex/assets/img/client/c7-logo-14-color.png]
[html.themexriver.com/forgex/assets/img/client/c7-logo-15.png]
[html.themexriver.com/forgex/assets/img/client/c7-logo-15-color.png]
[html.themexriver.com/forgex/assets/img/client/c7-logo-16.png]
[html.themexriver.com/forgex/assets/img/client/c7-logo-16-color.png]
[html.themexriver.com/forgex/assets/img/client/c7-logo-17.png]
[html.themexriver.com/forgex/assets/img/client/c7-logo-17-color.png]
[html.themexriver.com/forgex/assets/img/client/c7-logo-18.png]
[html.themexriver.com/forgex/assets/img/client/c7-logo-18-color.png]
[html.themexriver.com/forgex/assets/img/client/c7-logo-19.png]
[html.themexriver.com/forgex/assets/img/client/c7-logo-19-color.png]
[html.themexriver.com/forgex/assets/img/client/c7-logo-20.png]
[html.themexriver.com/forgex/assets/img/client/c7-logo-20-color.png]
[html.themexriver.com/forgex/assets/img/client/c7-logo-21.png]
[html.themexriver.com/forgex/assets/img/client/c7-logo-21-color.png]
[html.themexriver.com/forgex/assets/img/client/c7-logo-22.png]
[html.themexriver.com/forgex/assets/img/client/c7-logo-22-color.png]
[html.themexriver.com/forgex/assets/img/client/c7-logo-23.png]
[html.themexriver.com/forgex/assets/img/client/c7-logo-23-color.png]
[html.themexriver.com/forgex/assets/img/client/c7-logo-24.png]
[html.themexriver.com/forgex/assets/img/client/c7-logo-24-color.png]
[html.themexriver.com/forgex/clients.html]
[html.themexriver.com/forgex/faqs.html]
[html.themexriver.com/forgex/assets/img/bg/pricing-1.svg]
[html.themexriver.com/forgex/assets/img/bg/pricing-2.svg]
[html.themexriver.com/forgex/pricing.html]
[html.themexriver.com/forgex/assets/img/process/p4-img-1.png]
[html.themexriver.com/forgex/assets/img/process/p4-img-2.png]
[html.themexriver.com/forgex/assets/img/process/p4-img-3.png]
[html.themexriver.com/forgex/assets/img/process/p4-img-4.png]
[html.themexriver.com/forgex/assets/img/process/p4-img-5.png]
[html.themexriver.com/forgex/process.html]
[html.themexriver.com/forgex/assets/img/bg/pricing-3.svg]
[html.themexriver.com/forgex/assets/img/testimonial/t6-img-1.png]
[html.themexriver.com/forgex/assets/img/testimonial/t6-img-2.png]
[html.themexriver.com/forgex/assets/img/testimonial/t6-img-3.png]
[html.themexriver.com/forgex/assets/img/testimonial/t6-img-4.png]
[html.themexriver.com/forgex/assets/img/testimonial/t6-img-5.png]
[html.themexriver.com/forgex/assets/img/testimonial/t6-img-6.png]
[html.themexriver.com/forgex/testimonial.html]
[html.themexriver.com/forgex/error.html]
[html.themexriver.com/forgex/assets/img/project/p7-img-1.png]
[html.themexriver.com/forgex/assets/img/project/p7-img-2.png]
[html.themexriver.com/forgex/assets/img/project/p7-img-3.png]
[html.themexriver.com/forgex/assets/img/project/p7-img-4.png]
[html.themexriver.com/forgex/assets/img/project/p7-img-5.png]
[html.themexriver.com/forgex/assets/img/project/p7-img-6.png]
[html.themexriver.com/forgex/assets/js/masonry.min.js]
[html.themexriver.com/forgex/assets/js/imagesloaded.min.js]
[html.themexriver.com/forgex/projects-1.html]
[html.themexriver.com/forgex/assets/js/isotope.min.js]
[html.themexriver.com/forgex/assets/img/project/p7-img-7.png]
[html.themexriver.com/forgex/assets/img/project/p7-img-8.png]
[html.themexriver.com/forgex/assets/img/project/p7-img-9.png]
[html.themexriver.com/forgex/projects-2.html]
[html.themexriver.com/forgex/assets/img/project/p7-img-10.png]
[html.themexriver.com/forgex/assets/img/project/p7-img-11.png]
[html.themexriver.com/forgex/assets/img/project/p7-img-12.png]
[html.themexriver.com/forgex/projects-3.html]
[html.themexriver.com/forgex/assets/img/project/p7-img-13.png]
[html.themexriver.com/forgex/assets/img/project/p7-img-14.png]
[html.themexriver.com/forgex/assets/img/project/p7-img-15.png]
[html.themexriver.com/forgex/assets/img/project/p7-img-16.png]
[html.themexriver.com/forgex/assets/img/project/p7-img-18.png]
[html.themexriver.com/forgex/assets/img/project/p7-img-17.png]
[html.themexriver.com/forgex/projects-4.html]
[html.themexriver.com/forgex/assets/img/project/pd-img-1.png]
[html.themexriver.com/forgex/assets/img/project/pd-img-2.png]
[html.themexriver.com/forgex/assets/img/project/pd-glry-1.png]
[html.themexriver.com/forgex/assets/img/project/pd-glry-2.png]
[html.themexriver.com/forgex/assets/img/project/pd-glry-3.png]
[html.themexriver.com/forgex/assets/img/project/pd-glry-4.png]
[html.themexriver.com/forgex/assets/img/project/pd-glry-5.png]
[html.themexriver.com/forgex/projects-details.html]
[html.themexriver.com/forgex/assets/img/blog/b1-img-4.png]
[html.themexriver.com/forgex/assets/img/blog/b1-img-5.png]
[html.themexriver.com/forgex/assets/img/blog/b1-img-6.png]
[html.themexriver.com/forgex/assets/img/blog/b1-img-7.png]
[html.themexriver.com/forgex/assets/img/blog/b1-img-8.png]
[html.themexriver.com/forgex/assets/img/blog/b1-img-9.png]
[html.themexriver.com/forgex/blog.html]
[html.themexriver.com/forgex/blog-2.html]
[html.themexriver.com/forgex/blog-3.html]
[html.themexriver.com/forgex/blog-4.html]
[html.themexriver.com/forgex/assets/img/breadcrumb/b1-bg-4.png]
[html.themexriver.com/forgex/assets/img/blog/bd-img-1.png]
[html.themexriver.com/forgex/assets/img/blog/comment-author-1.png]
[html.themexriver.com/forgex/blog-details.html]
[html.themexriver.com/forgex/assets/img/contact/c7-img-1.png]
[html.themexriver.com/forgex/contact.html]
[html.themexriver.com/forgex/contact-us.html]
[html.themexriver.com/forgex/assets/js/jquery-3.7.1.min.js]
[html.themexriver.com/forgex/assets/js/bootstrap.bundle.min.js]
[html.themexriver.com/forgex/e]
[html.themexriver.com/forgex/Version/index.html]
[html.themexriver.com/forgex/t.params.url]
[html.themexriver.com/forgex/assets/js/swiper-bundle.min.js]
[html.themexriver.com/forgex/assets/js/wow.js]
[html.themexriver.com/forgex/assets/js/nice-select.min.js]
[html.themexriver.com/forgex/assets/js/marquee.min.js]
[html.themexriver.com/forgex/assets/js/magnific-popup.min.js]
[html.themexriver.com/forgex/assets/js/SplitText.min.js]
[html.themexriver.com/forgex/assets/js/gsap.min.js]
[html.themexriver.com/forgex/assets/js/CustomEase.min.js]
[html.themexriver.com/forgex/assets/js/counterup.min.js]
[html.themexriver.com/forgex/assets/js/waypoints.min.js]
[html.themexriver.com/forgex/assets/js/lenis.min.js]
[html.themexriver.com/forgex/assets/js/ScrollTrigger.min.js]
[html.themexriver.com/forgex/assets/js/main.js]
[html.themexriver.com/forgex/WRpdG8opW6K/index.html]
[html.themexriver.com/forgex/kgGIxmk/index.html]
[html.themexriver.com/forgex/assets/img/bg/header-4-bg.svg]
[html.themexriver.com/forgex/assets/img/bg/header-5-bg.svg]
[html.themexriver.com/forgex/assets/img/bg/pin.svg]
[html.themexriver.com/forgex/assets/img/bg/blog-check.svg]
[html.themexriver.com/forgex/assets/img/bg/check.svg]
[html.themexriver.com/forgex/assets/img/logo/logo-4.svg]
[html.themexriver.com/forgex/assets/img/services/s2-illus-1.svg]
[html.themexriver.com/forgex/WPpdHCofW6S/index.html]
[html.themexriver.com/forgex/WPpdNXlcICo/index.html]
[html.themexriver.com/forgex/assets/img/services/s2-illus-2.svg]
[html.themexriver.com/forgex/assets/img/services/s2-illus-3.svg]
[html.themexriver.com/forgex/assets/img/services/s2-illus-4.svg]
[html.themexriver.com/forgex/assets/img/client/client-1.svg]
[html.themexriver.com/forgex/assets/img/client/client-2.svg]
[html.themexriver.com/forgex/assets/img/client/client-3.svg]
[html.themexriver.com/forgex/assets/img/client/client-4.svg]
[html.themexriver.com/forgex/assets/img/client/client-5.svg]
[html.themexriver.com/forgex/assets/img/client/client-6.svg]
[html.themexriver.com/forgex/projects.html]
[html.themexriver.com/forgex/assets/img/logo/logo-5.svg]
[html.themexriver.com/forgex/assets/img/hero/h3-bg-1.svg]
[html.themexriver.com/forgex/assets/img/hero/h3-bg-shape-2.svg]
[html.themexriver.com/forgex/assets/img/hero/h3-bg-shape-1.svg]
[html.themexriver.com/forgex/assets/img/bg/sticker.svg]
[html.themexriver.com/forgex/assets/img/process/p1-icon-1.svg]
[html.themexriver.com/forgex/assets/img/process/p2-icon-2.svg]
[html.themexriver.com/forgex/assets/img/process/p2-icon-3.svg]
[html.themexriver.com/forgex/assets/img/team/t3-team-bg.svg]
[html.themexriver.com/forgex/assets/img/footer/f3-shape-1.svg]
[html.themexriver.com/forgex/assets/img/logo/logo-6.svg]
[html.themexriver.com/forgex/assets/img/logo/logo-7.svg]
[html.themexriver.com/forgex/assets/img/solution/s4-illus-1.svg]
[html.themexriver.com/forgex/assets/img/solution/s4-illus-2.svg]
[html.themexriver.com/forgex/assets/img/solution/s4-icon-1.svg]
[html.themexriver.com/forgex/assets/img/solution/s4-icon-2.svg]
[html.themexriver.com/forgex/assets/img/solution/s4-icon-3.svg]
[html.themexriver.com/forgex/assets/img/about/a4-illus-1.svg]
[html.themexriver.com/forgex/assets/img/logo/logo-8.svg]
[html.themexriver.com/forgex/assets/img/logo/logo-9.svg]
[html.themexriver.com/forgex/assets/img/logo/logo-10.svg]
[html.themexriver.com/forgex/assets/img/client/c6-logo-1.svg]
[html.themexriver.com/forgex/assets/img/client/c6-logo-2.svg]
[html.themexriver.com/forgex/assets/img/client/c6-logo-3.svg]
[html.themexriver.com/forgex/assets/img/client/c6-logo-4.svg]
[html.themexriver.com/forgex/assets/img/client/c6-logo-5.svg]
[html.themexriver.com/forgex/assets/img/client/c6-logo-6.svg]
[html.themexriver.com/forgex/assets/img/client/c6-logo-7.svg]
[html.themexriver.com/forgex/assets/img/client/c6-logo-8.svg]
[html.themexriver.com/forgex/assets/img/client/c6-logo-9.svg]
[html.themexriver.com/forgex/assets/img/client/c6-logo-10.svg]
[html.themexriver.com/forgex/assets/img/client/c6-logo-11.svg]
[html.themexriver.com/forgex/assets/img/client/c6-logo-12.svg]
[html.themexriver.com/forgex/assets/img/logo/logo-11.svg]
[html.themexriver.com/forgex/about-2.html]
[html.themexriver.com/forgex/about-3.html]
[html.themexriver.com/forgex/assets/img/bg/pricing-1.svg]
[html.themexriver.com/forgex/assets/img/bg/pricing-2.svg]
[html.themexriver.com/forgex/assets/img/bg/pricing-3.svg]
[html.themexriver.com/forgex/assets/js/masonry.min.js]
[html.themexriver.com/forgex/assets/js/imagesloaded.min.js]
[html.themexriver.com/forgex/assets/js/isotope.min.js]
[html.themexriver.com/forgex/Version/index.html]
[html.themexriver.com/forgex/e.html]
[html.themexriver.com/forgex/t.params.html]
[html.themexriver.com/forgex/kgGIxmk/index.html]
[html.themexriver.com/forgex/WRpdG8opW6K/index.html]
[html.themexriver.com/forgex/WPpdHCofW6S/index.html]
[html.themexriver.com/forgex/WPpdNXlcICo/index.html]
